MPLINK 4.30.01, Linker
Linker Map File - Created Wed Sep 23 12:36:07 2009

                                 Section Info
                  Section       Type    Address   Location Size(Bytes)
                ---------  ---------  ---------  ---------  ---------
                   .org_0       code   0x000000    program   0x000000
                   .org_1       code   0x000000    program   0x00003c
.config_300000_FIRST_TRY.O    romdata   0x300000    program   0x000001
.config_300001_FIRST_TRY.O    romdata   0x300001    program   0x000001
.config_300002_FIRST_TRY.O    romdata   0x300002    program   0x000001
.config_300003_FIRST_TRY.O    romdata   0x300003    program   0x000001
.config_300005_FIRST_TRY.O    romdata   0x300005    program   0x000001
.config_300006_FIRST_TRY.O    romdata   0x300006    program   0x000001
.config_300008_FIRST_TRY.O    romdata   0x300008    program   0x000001
.config_300009_FIRST_TRY.O    romdata   0x300009    program   0x000001
.config_30000A_FIRST_TRY.O    romdata   0x30000a    program   0x000001
.config_30000B_FIRST_TRY.O    romdata   0x30000b    program   0x000001
.config_30000C_FIRST_TRY.O    romdata   0x30000c    program   0x000001
.config_30000D_FIRST_TRY.O    romdata   0x30000d    program   0x000001



                              Program Memory Usage 
                               Start         End      
                           ---------   ---------      
                            0x000000    0x00003b      
                            0x300000    0x300003      
                            0x300005    0x300006      
                            0x300008    0x30000d      
            72 out of 33048 program addresses used, program memory utilization is 0%



                              Symbols - Sorted by Name
                     Name    Address   Location    Storage File                     
                ---------  ---------  ---------  --------- ---------                
                MAIN_LOOP   0x000030    program     static M:\MPLAB\MICR_104-Lab_02\first_try.asm
                PORT_INIT   0x000000    program     static M:\MPLAB\MICR_104-Lab_02\first_try.asm



                              Symbols - Sorted by Address
                     Name    Address   Location    Storage File                     
                ---------  ---------  ---------  --------- ---------                
                PORT_INIT   0x000000    program     static M:\MPLAB\MICR_104-Lab_02\first_try.asm
                MAIN_LOOP   0x000030    program     static M:\MPLAB\MICR_104-Lab_02\first_try.asm


